09-29 13:43:13.006 12765 12765 D MiuiCameraCoveredManager: java.lang.NullPointerException: Attempt to invoke virtual method 'java.lang.String android.provider.MiuiSettings$SettingsCloudData$CloudData.getString(java.lang.String, java.lang.String)' on a null object reference
09-29 13:43:13.013 12765 12765 I ForceDarkHelperStubImpl: setViewRootImplForceDark: false for com.termux.app.TermuxActivity@b624662, reason: DarkModeEnabled
09-29 13:43:13.041 12765 12765 I ForceDarkHelperStubImpl: setViewRootImplForceDark: false for com.termux.app.TermuxActivity@b624662, reason: DarkModeEnabled
09-29 13:43:18.216 12765 12765 D ActivityThread: Package [com.fahim.telegram_automation] reported as REPLACED, but missing application info. Assuming REMOVED.
09-29 13:43:18.691 12765 12765 D ActivityThread: Package [com.fahim.telegram_automation] reported as REPLACED, but missing application info. Assuming REMOVED.
09-29 13:43:24.118 12765 12765 D ActivityThread: Package [com.fahim.telegram_automation] reported as REPLACED, but missing application info. Assuming REMOVED.
09-29 13:43:24.287 12765 12765 D ActivityThread: Package [com.fahim.telegram_automation] reported as REPLACED, but missing application info. Assuming REMOVED.
09-29 13:43:41.326 12765 12765 D MiuiCameraCoveredManager: java.lang.NullPointerException: Attempt to invoke virtual method 'java.lang.String android.provider.MiuiSettings$SettingsCloudData$CloudData.getString(java.lang.String, java.lang.String)' on a null object reference
09-29 13:43:41.337 12765 12765 I ForceDarkHelperStubImpl: setViewRootImplForceDark: false for com.termux.app.TermuxActivity@b624662, reason: DarkModeEnabled
09-29 13:43:41.376 12765 12765 I ForceDarkHelperStubImpl: setViewRootImplForceDark: false for com.termux.app.TermuxActivity@b624662, reason: DarkModeEnabled
09-29 13:43:44.599 12765 12765 D MiuiCameraCoveredManager: java.lang.NullPointerException: Attempt to invoke virtual method 'java.lang.String android.provider.MiuiSettings$SettingsCloudData$CloudData.getString(java.lang.String, java.lang.String)' on a null object reference
09-29 13:43:44.602 12765 12765 I ForceDarkHelperStubImpl: setViewRootImplForceDark: false for com.termux.app.TermuxActivity@b624662, reason: DarkModeEnabled
09-29 13:43:44.615 12765 12765 D MiuiCameraCoveredManager: java.lang.NullPointerException: Attempt to invoke virtual method 'java.lang.String android.provider.MiuiSettings$SettingsCloudData$CloudData.getString(java.lang.String, java.lang.String)' on a null object reference
09-29 13:43:44.618 12765 12765 I ForceDarkHelperStubImpl: setViewRootImplForceDark: false for com.termux.app.TermuxActivity@b624662, reason: DarkModeEnabled
09-29 13:43:44.710 12765 12765 D MiuiCameraCoveredManager: java.lang.NullPointerException: Attempt to invoke virtual method 'java.lang.String android.provider.MiuiSettings$SettingsCloudData$CloudData.getString(java.lang.String, java.lang.String)' on a null object reference
09-29 13:43:44.713 12765 12765 I ForceDarkHelperStubImpl: setViewRootImplForceDark: false for com.termux.app.TermuxActivity@b624662, reason: DarkModeEnabled
09-29 13:43:44.741 12765 12765 I ForceDarkHelperStubImpl: setViewRootImplForceDark: false for com.termux.app.TermuxActivity@b624662, reason: DarkModeEnabled
09-29 13:43:44.786 12765 12765 I ForceDarkHelperStubImpl: setViewRootImplForceDark: false for com.termux.app.TermuxActivity@b624662, reason: DarkModeEnabled
09-29 13:43:44.847 12765 12765 I ForceDarkHelperStubImpl: setViewRootImplForceDark: false for com.termux.app.TermuxActivity@b624662, reason: DarkModeEnabled
09-29 13:44:44.375 12765 12765 D ActivityThread: Package [com.fahim.telegram_automation] reported as REPLACED, but missing application info. Assuming REMOVED.
09-29 13:44:44.566 12765 12765 D ActivityThread: Package [com.fahim.telegram_automation] reported as REPLACED, but missing application info. Assuming REMOVED.
09-29 13:45:27.344 12765 12765 D MiuiCameraCoveredManager: java.lang.NullPointerException: Attempt to invoke virtual method 'java.lang.String android.provider.MiuiSettings$SettingsCloudData$CloudData.getString(java.lang.String, java.lang.String)' on a null object reference
09-29 13:45:27.352 12765 12765 I ForceDarkHelperStubImpl: setViewRootImplForceDark: false for com.termux.app.TermuxActivity@b624662, reason: DarkModeEnabled
09-29 13:45:27.380 12765 12765 D MiuiCameraCoveredManager: java.lang.NullPointerException: Attempt to invoke virtual method 'java.lang.String android.provider.MiuiSettings$SettingsCloudData$CloudData.getString(java.lang.String, java.lang.String)' on a null object reference
09-29 13:45:27.386 12765 12765 I ForceDarkHelperStubImpl: setViewRootImplForceDark: false for com.termux.app.TermuxActivity@b624662, reason: DarkModeEnabled
09-29 13:45:27.489 12765 12765 D MiuiCameraCoveredManager: java.lang.NullPointerException: Attempt to invoke virtual method 'java.lang.String android.provider.MiuiSettings$SettingsCloudData$CloudData.getString(java.lang.String, java.lang.String)' on a null object reference
09-29 13:45:27.493 12765 12765 I ForceDarkHelperStubImpl: setViewRootImplForceDark: false for com.termux.app.TermuxActivity@b624662, reason: DarkModeEnabled
09-29 13:45:27.527 12765 12765 I ForceDarkHelperStubImpl: setViewRootImplForceDark: false for com.termux.app.TermuxActivity@b624662, reason: DarkModeEnabled
09-29 13:45:27.562 12765 12765 I ForceDarkHelperStubImpl: setViewRootImplForceDark: false for com.termux.app.TermuxActivity@b624662, reason: DarkModeEnabled
09-29 13:45:27.603 12765 12765 I ForceDarkHelperStubImpl: setViewRootImplForceDark: false for com.termux.app.TermuxActivity@b624662, reason: DarkModeEnabled
09-29 13:46:24.668 12765 12765 D ActivityThread: Package [com.fahim.telegram_automation] reported as REPLACED, but missing application info. Assuming REMOVED.
09-29 13:46:24.728 12765 12765 D ActivityThread: Package [com.fahim.telegram_automation] reported as REPLACED, but missing application info. Assuming REMOVED.
09-29 13:46:54.546 12765 12765 D MiuiCameraCoveredManager: java.lang.NullPointerException: Attempt to invoke virtual method 'java.lang.String android.provider.MiuiSettings$SettingsCloudData$CloudData.getString(java.lang.String, java.lang.String)' on a null object reference
09-29 13:46:54.550 12765 12765 I ForceDarkHelperStubImpl: setViewRootImplForceDark: false for com.termux.app.TermuxActivity@b624662, reason: DarkModeEnabled
09-29 13:46:54.586 12765 12765 I ForceDarkHelperStubImpl: setViewRootImplForceDark: false for com.termux.app.TermuxActivity@b624662, reason: DarkModeEnabled
09-29 13:46:56.707 12765 12765 D MiuiCameraCoveredManager: java.lang.NullPointerException: Attempt to invoke virtual method 'java.lang.String android.provider.MiuiSettings$SettingsCloudData$CloudData.getString(java.lang.String, java.lang.String)' on a null object reference
09-29 13:46:56.709 12765 12765 I ForceDarkHelperStubImpl: setViewRootImplForceDark: false for com.termux.app.TermuxActivity@b624662, reason: DarkModeEnabled
09-29 13:46:56.734 12765 12765 I ForceDarkHelperStubImpl: setViewRootImplForceDark: false for com.termux.app.TermuxActivity@b624662, reason: DarkModeEnabled
09-29 13:48:09.325 12765 12765 D ActivityThread: Package [com.fahim.telegram_automation] reported as REPLACED, but missing application info. Assuming REMOVED.
09-29 13:48:10.149 12765 12765 D ActivityThread: Package [com.fahim.telegram_automation] reported as REPLACED, but missing application info. Assuming REMOVED.
09-29 13:53:04.534 12765 12765 D MiuiCameraCoveredManager: java.lang.NullPointerException: Attempt to invoke virtual method 'java.lang.String android.provider.MiuiSettings$SettingsCloudData$CloudData.getString(java.lang.String, java.lang.String)' on a null object reference
09-29 13:53:04.537 12765 12765 I ForceDarkHelperStubImpl: setViewRootImplForceDark: false for com.termux.app.TermuxActivity@b624662, reason: DarkModeEnabled
09-29 13:53:04.564 12765 12765 I ForceDarkHelperStubImpl: setViewRootImplForceDark: false for com.termux.app.TermuxActivity@b624662, reason: DarkModeEnabled
09-29 13:53:09.150 12765 12765 D ActivityThread: Package [com.fahim.telegram_automation] reported as REPLACED, but missing application info. Assuming REMOVED.
09-29 13:53:09.484 12765 12765 D ActivityThread: Package [com.fahim.telegram_automation] reported as REPLACED, but missing application info. Assuming REMOVED.
--------- beginning of main
09-29 13:53:10.361 12765 12765 I MIUIInput: [MotionEvent] ViewRootImpl windowName 'com.termux/com.termux.app.TermuxActivity', { action=ACTION_DOWN, id[0]=0, pointerCount=1, eventTime=420236060, downTime=420236060, phoneEventTime=13:53:10.323 } moveCount:0
09-29 13:53:10.447 12765 12765 I MIUIInput: [MotionEvent] ViewRootImpl windowName 'com.termux/com.termux.app.TermuxActivity', { action=ACTION_UP, id[0]=0, pointerCount=1, eventTime=420236127, downTime=420236060, phoneEventTime=13:53:10.390 } moveCount:0
09-29 13:53:10.617 12765 12765 E FileUtils: err write to mi_exception_log
09-29 13:53:10.889 12765 12796 W RenderInspector: DequeueBuffer time out on com.termux/com.termux.app.TermuxActivity, count=1, avg=32 ms, max=32 ms.
09-29 13:53:11.021 12765 12796 W RenderInspector: DequeueBuffer time out on com.termux/com.termux.app.TermuxActivity, count=1, avg=18 ms, max=18 ms.
09-29 13:53:11.261 12765 12765 I MIUIInput: [MotionEvent] ViewRootImpl windowName 'com.termux/com.termux.app.TermuxActivity', { action=ACTION_DOWN, id[0]=0, pointerCount=1, eventTime=420236960, downTime=420236960, phoneEventTime=13:53:11.223 } moveCount:0
09-29 13:53:11.305 12765 12765 I MIUIInput: [MotionEvent] ViewRootImpl windowName 'com.termux/com.termux.app.TermuxActivity', { action=ACTION_UP, id[0]=0, pointerCount=1, eventTime=420237010, downTime=420236960, phoneEventTime=13:53:11.273 } moveCount:0
09-29 13:53:11.413 12765 12765 E FileUtils: err write to mi_exception_log
09-29 13:53:11.418 12765 12765 E FileUtils: err write to mi_exception_log
09-29 13:53:11.459 12765 12765 D MiuiCameraCoveredManager: java.lang.NullPointerException: Attempt to invoke virtual method 'java.lang.String android.provider.MiuiSettings$SettingsCloudData$CloudData.getString(java.lang.String, java.lang.String)' on a null object reference
09-29 13:53:11.479 12765 12796 W libc    : Access denied finding property "ro.vendor.display.iris_x7.support"
09-29 13:53:11.501 12765 12765 I ForceDarkHelperStubImpl: setViewRootImplForceDark: false for com.termux.app.TermuxActivity@b624662, reason: DarkModeEnabled
09-29 13:53:11.501 12765 12765 D VRI[Toast]: hardware acceleration = true, forceHwAccelerated = false
09-29 13:53:11.657 12765 12765 E FileUtils: err write to mi_exception_log
09-29 13:53:11.659 12765 12765 D InputEventReceiver: Input log is disabled in InputEventReceiver.
09-29 13:53:11.700 12765 12765 E FileUtils: err write to mi_exception_log
09-29 13:53:11.724 12765 12765 E FileUtils: err write to mi_exception_log
09-29 13:53:11.731 12765 12765 E FileUtils: err write to mi_exception_log
09-29 13:53:11.731 12765 12765 D UserSceneDetector: invoke error.
09-29 13:53:11.856 12765 12765 E FileUtils: err write to mi_exception_log
09-29 13:53:11.868 12765 12765 D BufferQueueConsumer: [](id:31dd00000080,api:0,p:-1,c:12765) connect: controlledByApp=false
09-29 13:53:11.871 12765 12765 D BLASTBufferQueue: [VRI[Toast]#128](f:0,a:0) constructor()
09-29 13:53:11.872 12765 12765 D BLASTBufferQueue: [VRI[Toast]#128](f:0,a:0) update width=555 height=227 format=-3 mTransformHint=0
09-29 13:53:11.874 12765 12765 I ForceDarkHelperStubImpl: setViewRootImplForceDark: false for com.termux.app.TermuxActivity@b624662, reason: DarkModeEnabled
09-29 13:53:11.887 12765 12765 D VRI[Toast]: vri.reportNextDraw android.view.ViewRootImpl.performTraversals:4984 android.view.ViewRootImpl.doTraversal:3564 android.view.ViewRootImpl$TraversalRunnable.run:11781 android.view.Choreographer$CallbackRecord.run:1809 android.view.Choreographer$CallbackRecord.run:1818 
09-29 13:53:11.888 12765 12765 D VRI[Toast]: Setup new sync=wmsSync-VRI[Toast]#70
09-29 13:53:11.907 12765 12796 D HWUI    : makeCurrent grContext:0x7a56132cd0 reset mTextureAvailable
09-29 13:53:11.918 12765 12796 D BLASTBufferQueue: [VRI[Toast]#128](f:0,a:1) acquireNextBufferLocked size=555x227 mFrameNumber=1 applyTransaction=true mTimestamp=420237655121509(auto) mPendingTransactions.size=0 graphicBufferId=54825257534066 transform=0
09-29 13:53:11.937 12765 12765 D VRI[Toast]: vri.reportDrawFinished
09-29 13:53:11.937 12765 12765 E FileUtils: err write to mi_exception_log
09-29 13:53:12.547 12765 12765 E FileUtils: err write to mi_exception_log
09-29 13:53:13.413 12765 12765 W WindowOnBackDispatcher: sendCancelIfRunning: isInProgress=false callback=android.view.ViewRootImpl$$ExternalSyntheticLambda12@ade12f1
09-29 13:53:13.420 12765 12765 D View    : [Warning] assignParent to null: this = android.widget.LinearLayout{45eefac V.E...... ......ID 0,0-555,227}
09-29 13:53:13.421 12765 12765 D BLASTBufferQueue: [VRI[Toast]#128](f:0,a:1) destructor()
09-29 13:53:13.422 12765 12765 D BufferQueueConsumer: [VRI[Toast]#128(BLAST Consumer)128](id:31dd00000080,api:0,p:-1,c:12765) disconnect
09-29 13:53:13.739 12765 12765 I MIUIInput: [MotionEvent] ViewRootImpl windowName 'com.termux/com.termux.app.TermuxActivity', { action=ACTION_DOWN, id[0]=0, pointerCount=1, eventTime=420239457, downTime=420239457, phoneEventTime=13:53:13.719 } moveCount:0
09-29 13:53:13.829 12765 12765 I MIUIInput: [MotionEvent] ViewRootImpl windowName 'com.termux/com.termux.app.TermuxActivity', { action=ACTION_UP, id[0]=0, pointerCount=1, eventTime=420239546, downTime=420239457, phoneEventTime=13:53:13.809 } moveCount:0
09-29 13:53:14.044 12765 12765 I ImeTracker: com.termux:91556958: onRequestShow at ORIGIN_CLIENT reason SHOW_SOFT_INPUT fromUser false
09-29 13:53:14.045 12765 12765 D InputMethodManager: showSoftInput() view=com.termux.view.TerminalView{f2c8517 VFED.V.L. .F...... 0,0-708,1128 #7f080191 app:id/terminal_view aid=1073741825} flags=0 reason=SHOW_SOFT_INPUT
09-29 13:53:15.236 12765 12765 I MIUIInput: [KeyEvent] ViewRootImpl windowName 'com.termux/com.termux.app.TermuxActivity', KeyEvent { action=ACTION_DOWN, keyCode=KEYCODE_BACK, scanCode=0, metaState=0, flags=0x8, repeatCount=0, eventTime=420240909000000, downTime=420240909000000, deviceId=-1, source=0x101, displayId=-1 }, phoneEventTime=13:53:15.171
09-29 13:53:15.251 12765 12765 I MIUIInput: [KeyEvent] ViewRootImpl windowName 'com.termux/com.termux.app.TermuxActivity', KeyEvent { action=ACTION_UP, keyCode=KEYCODE_BACK, scanCode=0, metaState=0, flags=0x8, repeatCount=0, eventTime=420240956000000, downTime=420240909000000, deviceId=-1, source=0x101, displayId=-1 }, phoneEventTime=13:53:15.219
09-29 13:53:16.806  3797  3797 W libc    : Access denied finding property "persist.vendor.track.malloc.enable"
09-29 13:53:16.807  3797  3797 W libc    : Access denied finding property "persist.vendor.fd.monitor.enable"
09-29 13:53:16.900  3803  3803 W libc    : Access denied finding property "persist.vendor.track.malloc.enable"
09-29 13:53:16.900  3803  3803 W libc    : Access denied finding property "persist.vendor.fd.monitor.enable"
09-29 13:53:17.366 12765 12765 E FileUtils: err write to mi_exception_log
09-29 13:53:17.397 12765 12765 D EditorStubImpl: Type = 2, RectF = RectF(601.0, 1223.0, 681.0, 1303.0), mInsertionHandleData = [HandleData{mIsShow=false, mPosition=RectF(601.0, 1223.0, 681.0, 1303.0)}]
09-29 13:53:18.211 12765 12765 E FileUtils: err write to mi_exception_log
09-29 13:53:18.345 12765 12765 D ActivityThread: Package [com.fahim.telegram_automation] reported as REPLACED, but missing application info. Assuming REMOVED.
09-29 13:53:18.539 12765 12765 D ActivityThread: Package [com.fahim.telegram_automation] reported as REPLACED, but missing application info. Assuming REMOVED.
09-29 13:53:18.674 12765 12765 E FileUtils: err write to mi_exception_log
09-29 13:53:18.705  3958  3958 W libc    : Access denied finding property "persist.vendor.track.malloc.enable"
09-29 13:53:18.705  3958  3958 W libc    : Access denied finding property "persist.vendor.fd.monitor.enable"
09-29 13:53:19.158 12765 12765 E FileUtils: err write to mi_exception_log
09-29 13:53:19.252 12765 12765 E FileUtils: err write to mi_exception_log
09-29 13:53:20.053 12765 12765 E FileUtils: err write to mi_exception_log
09-29 13:53:20.112 12765 12765 E FileUtils: err write to mi_exception_log
09-29 13:53:20.230 12765 12765 E FileUtils: err write to mi_exception_log
09-29 13:53:20.406 12765 12765 E FileUtils: err write to mi_exception_log
09-29 13:53:20.558 12765 12765 E FileUtils: err write to mi_exception_log
09-29 13:53:21.271 12765 12765 E FileUtils: err write to mi_exception_log
09-29 13:53:31.832 12765 12765 I MIUIInput: [MotionEvent] ViewRootImpl windowName 'com.termux/com.termux.app.TermuxActivity', { action=ACTION_DOWN, id[0]=0, pointerCount=1, eventTime=420257560, downTime=420257560, phoneEventTime=13:53:31.823 } moveCount:0
09-29 13:53:31.878 12765 12765 I HandWritingStubImpl: refreshLastKeyboardType: 1
09-29 13:53:31.880 12765 12765 I HandWritingStubImpl: getCurrentKeyboardType: 1
09-29 13:53:31.937 12765 12765 I MIUIInput: [MotionEvent] ViewRootImpl windowName 'com.termux/com.termux.app.TermuxActivity', { action=ACTION_UP, id[0]=0, pointerCount=1, eventTime=420257660, downTime=420257560, phoneEventTime=13:53:31.923 } moveCount:1
09-29 13:53:31.947 12765 12769 I com.termux: Background concurrent mark compact GC freed 16MB AllocSpace bytes, 1(16KB) LOS objects, 75% free, 5777KB/22MB, paused 1.822ms,2.235ms total 113.949ms
09-29 13:53:32.139 12765 12765 I ImeTracker: com.termux:a18b83be: onRequestShow at ORIGIN_CLIENT reason SHOW_SOFT_INPUT fromUser false
09-29 13:53:32.140 12765 12765 D InputMethodManager: showSoftInput() view=com.termux.view.TerminalView{f2c8517 VFED.V.L. .F...... 0,0-708,1128 #7f080191 app:id/terminal_view aid=1073741825} flags=0 reason=SHOW_SOFT_INPUT
09-29 13:53:33.146 12765 12765 V VRI[TermuxActivity]: [ANR Warning]Input routeing takes more than 6000ms since 2025-09-29 13:53:15.250, this = com.mediatek.view.impl.ViewDebugManagerImpl@faed212
09-29 13:53:33.146 12765 12765 V VRI[TermuxActivity]: Input event delivered to android.view.ViewRootImpl$EarlyPostImeInputStage@7431271 at 2025-09-29 13:53:33.145
09-29 13:53:33.146 12765 12765 V VRI[TermuxActivity]: Input event delivered to android.view.ViewRootImpl$NativePostImeInputStage@b937856 at 2025-09-29 13:53:33.145
09-29 13:53:33.146 12765 12765 V VRI[TermuxActivity]: Input event delivered to android.view.ViewRootImpl$SyntheticInputStage@c282dc4 at 2025-09-29 13:53:33.145
09-29 13:53:33.146 12765 12765 V VRI[TermuxActivity]: Input event delivered to android.view.ViewRootImpl$ViewPostImeInputStage@4f8a0d7 at 2025-09-29 13:53:33.145
09-29 13:53:33.146 12765 12765 V VRI[TermuxActivity]: [ANR Warning]Input routeing takes more than 6000ms since 2025-09-29 13:53:15.250, this = com.mediatek.view.impl.ViewDebugManagerImpl@faed212
09-29 13:53:33.147 12765 12765 V VRI[TermuxActivity]: Input event delivered to android.view.ViewRootImpl$EarlyPostImeInputStage@7431271 at 2025-09-29 13:53:33.146
09-29 13:53:33.147 12765 12765 V VRI[TermuxActivity]: Input event delivered to android.view.ViewRootImpl$NativePostImeInputStage@b937856 at 2025-09-29 13:53:33.146
09-29 13:53:33.147 12765 12765 V VRI[TermuxActivity]: Input event delivered to android.view.ViewRootImpl$SyntheticInputStage@c282dc4 at 2025-09-29 13:53:33.146
09-29 13:53:33.147 12765 12765 V VRI[TermuxActivity]: Input event delivered to android.view.ViewRootImpl$ViewPostImeInputStage@4f8a0d7 at 2025-09-29 13:53:33.146
09-29 13:53:33.289  4815  4815 W libc    : Access denied finding property "persist.vendor.track.malloc.enable"
09-29 13:53:33.290  4815  4815 W libc    : Access denied finding property "persist.vendor.fd.monitor.enable"
09-29 13:53:33.324  4816  4816 W libc    : Access denied finding property "persist.vendor.track.malloc.enable"
09-29 13:53:33.324  4816  4816 W libc    : Access denied finding property "persist.vendor.fd.monitor.enable"
09-29 13:53:33.681 12765 12765 I MIUIInput: [KeyEvent] ViewRootImpl windowName 'com.termux/com.termux.app.TermuxActivity', KeyEvent { action=ACTION_DOWN, keyCode=KEYCODE_BACK, scanCode=0, metaState=0, flags=0x8, repeatCount=0, eventTime=420259395000000, downTime=420259395000000, deviceId=-1, source=0x101, displayId=-1 }, phoneEventTime=13:53:33.658
09-29 13:53:33.688 12765 12765 I MIUIInput: [KeyEvent] ViewRootImpl windowName 'com.termux/com.termux.app.TermuxActivity', KeyEvent { action=ACTION_UP, keyCode=KEYCODE_BACK, scanCode=0, metaState=0, flags=0x8, repeatCount=0, eventTime=420259411000000, downTime=420259395000000, deviceId=-1, source=0x101, displayId=-1 }, phoneEventTime=13:53:33.673
09-29 13:53:33.783  4824  4824 W libc    : Access denied finding property "persist.vendor.track.malloc.enable"
09-29 13:53:33.783  4824  4824 W libc    : Access denied finding property "persist.vendor.fd.monitor.enable"
09-29 13:53:35.248 12765 12765 D EditorStubImpl: Type = 2, RectF = RectF(601.0, 1223.0, 681.0, 1303.0), mInsertionHandleData = [HandleData{mIsShow=false, mPosition=RectF(601.0, 1223.0, 681.0, 1303.0)}]
09-29 13:54:24.712  5114  5114 W libc    : Access denied finding property "persist.vendor.track.malloc.enable"
09-29 13:54:24.712  5114  5114 W libc    : Access denied finding property "persist.vendor.fd.monitor.enable"
09-29 13:54:24.738  5115  5115 W libc    : Access denied finding property "persist.vendor.track.malloc.enable"
09-29 13:54:24.738  5115  5115 W libc    : Access denied finding property "persist.vendor.fd.monitor.enable"
09-29 13:54:24.796  5118  5118 W libc    : Access denied finding property "persist.vendor.track.malloc.enable"
09-29 13:54:24.796  5118  5118 W libc    : Access denied finding property "persist.vendor.fd.monitor.enable"
09-29 13:54:24.828  5123  5123 W libc    : Access denied finding property "persist.vendor.track.malloc.enable"
09-29 13:54:24.829  5123  5123 W libc    : Access denied finding property "persist.vendor.fd.monitor.enable"
09-29 13:54:24.841  5124  5124 W libc    : Access denied finding property "persist.vendor.track.malloc.enable"
09-29 13:54:24.841  5124  5124 W libc    : Access denied finding property "persist.vendor.fd.monitor.enable"
09-29 13:54:24.846  5125  5125 W libc    : Access denied finding property "persist.vendor.track.malloc.enable"
09-29 13:54:24.846  5125  5125 W libc    : Access denied finding property "persist.vendor.fd.monitor.enable"
09-29 13:54:24.869  5127  5127 W libc    : Access denied finding property "persist.vendor.track.malloc.enable"
09-29 13:54:24.869  5127  5127 W libc    : Access denied finding property "persist.vendor.fd.monitor.enable"
09-29 13:54:24.899  5128  5128 W libc    : Access denied finding property "persist.vendor.track.malloc.enable"
09-29 13:54:24.899  5128  5128 W libc    : Access denied finding property "persist.vendor.fd.monitor.enable"
09-29 13:54:24.935  5115  5115 W libc    : Access denied finding property "persist.vendor.track.malloc.enable"
09-29 13:54:24.935  5115  5115 W libc    : Access denied finding property "persist.vendor.fd.monitor.enable"
09-29 13:54:24.938  5115  5115 I libc    : SetHeapTaggingLevel: tag level set to 0
09-29 13:54:36.489 12765 12765 I MIUIInput: [MotionEvent] ViewRootImpl windowName 'com.termux/com.termux.app.TermuxActivity', { action=ACTION_DOWN, id[0]=0, pointerCount=1, eventTime=420322210, downTime=420322210, phoneEventTime=13:54:36.472 } moveCount:0
09-29 13:54:36.547 12765 12765 I MIUIInput: [MotionEvent] ViewRootImpl windowName 'com.termux/com.termux.app.TermuxActivity', { action=ACTION_UP, id[0]=0, pointerCount=1, eventTime=420322260, downTime=420322210, phoneEventTime=13:54:36.523 } moveCount:0
09-29 13:54:36.549 12765 12765 I HandWritingStubImpl: refreshLastKeyboardType: 1
09-29 13:54:36.549 12765 12765 I HandWritingStubImpl: getCurrentKeyboardType: 1
09-29 13:54:38.098 12765 12765 I MIUIInput: [MotionEvent] ViewRootImpl windowName 'com.termux/com.termux.app.TermuxActivity', { action=ACTION_DOWN, id[0]=0, pointerCount=1, eventTime=420323826, downTime=420323826, phoneEventTime=13:54:38.088 } moveCount:0
09-29 13:54:38.164 12765 12765 I MIUIInput: [MotionEvent] ViewRootImpl windowName 'com.termux/com.termux.app.TermuxActivity', { action=ACTION_UP, id[0]=0, pointerCount=1, eventTime=420323893, downTime=420323826, phoneEventTime=13:54:38.156 } moveCount:0
09-29 13:54:38.401 12765 12765 I ImeTracker: com.termux:83b1992a: onRequestShow at ORIGIN_CLIENT reason SHOW_SOFT_INPUT fromUser false
09-29 13:54:38.401 12765 12765 D InputMethodManager: showSoftInput() view=com.termux.view.TerminalView{f2c8517 VFED.V.L. .F...... 0,0-708,1128 #7f080191 app:id/terminal_view aid=1073741825} flags=0 reason=SHOW_SOFT_INPUT
09-29 13:54:39.199 12765 12765 V VRI[TermuxActivity]: [ANR Warning]Input routeing takes more than 6000ms since 2025-09-29 13:53:33.687, this = com.mediatek.view.impl.ViewDebugManagerImpl@faed212
09-29 13:54:39.200 12765 12765 V VRI[TermuxActivity]: Input event delivered to android.view.ViewRootImpl$EarlyPostImeInputStage@7431271 at 2025-09-29 13:54:39.199
09-29 13:54:39.200 12765 12765 V VRI[TermuxActivity]: Input event delivered to android.view.ViewRootImpl$NativePostImeInputStage@b937856 at 2025-09-29 13:54:39.199
09-29 13:54:39.200 12765 12765 V VRI[TermuxActivity]: Input event delivered to android.view.ViewRootImpl$SyntheticInputStage@c282dc4 at 2025-09-29 13:54:39.199
09-29 13:54:39.200 12765 12765 V VRI[TermuxActivity]: Input event delivered to android.view.ViewRootImpl$ViewPostImeInputStage@4f8a0d7 at 2025-09-29 13:54:39.199
09-29 13:54:39.200 12765 12765 V VRI[TermuxActivity]: [ANR Warning]Input routeing takes more than 6000ms since 2025-09-29 13:53:33.687, this = com.mediatek.view.impl.ViewDebugManagerImpl@faed212
09-29 13:54:39.201 12765 12765 V VRI[TermuxActivity]: Input event delivered to android.view.ViewRootImpl$EarlyPostImeInputStage@7431271 at 2025-09-29 13:54:39.200
09-29 13:54:39.201 12765 12765 V VRI[TermuxActivity]: Input event delivered to android.view.ViewRootImpl$NativePostImeInputStage@b937856 at 2025-09-29 13:54:39.200
09-29 13:54:39.201 12765 12765 V VRI[TermuxActivity]: Input event delivered to android.view.ViewRootImpl$SyntheticInputStage@c282dc4 at 2025-09-29 13:54:39.200
09-29 13:54:39.201 12765 12765 V VRI[TermuxActivity]: Input event delivered to android.view.ViewRootImpl$ViewPostImeInputStage@4f8a0d7 at 2025-09-29 13:54:39.200
09-29 13:54:41.048 12765 12765 I MIUIInput: [MotionEvent] ViewRootImpl windowName 'com.termux/com.termux.app.TermuxActivity', { action=ACTION_DOWN, id[0]=0, pointerCount=1, eventTime=420326777, downTime=420326777, phoneEventTime=13:54:41.040 } moveCount:0
09-29 13:54:41.284 12765 12765 I MIUIInput: [MotionEvent] ViewRootImpl windowName 'com.termux/com.termux.app.TermuxActivity', { action=ACTION_UP, id[0]=0, pointerCount=1, eventTime=420327010, downTime=420326777, phoneEventTime=13:54:41.273 } moveCount:11
09-29 13:54:41.292 12765 12765 I HandWritingStubImpl: refreshLastKeyboardType: 1
09-29 13:54:41.294 12765 12765 I HandWritingStubImpl: getCurrentKeyboardType: 1
09-29 13:54:41.312 12765 12765 W RemoteInputConnectionImpl: requestCursorUpdates on inactive InputConnection
09-29 13:54:41.768 12765 12765 I MIUIInput: [MotionEvent] ViewRootImpl windowName 'com.termux/com.termux.app.TermuxActivity', { action=ACTION_DOWN, id[0]=0, pointerCount=1, eventTime=420327495, downTime=420327495, phoneEventTime=13:54:41.758 } moveCount:0
09-29 13:54:41.769 12765 12765 D Editor  : Double tap detection is fail
09-29 13:54:41.791 12765 12765 I ImeTracker: com.termux:87dd09de: onRequestShow at ORIGIN_CLIENT reason SHOW_SOFT_INPUT fromUser false
09-29 13:54:41.791 12765 12765 I ImeTracker: com.termux:87dd09de: onFailed at PHASE_CLIENT_VIEW_SERVED
09-29 13:54:41.791 12765 12765 W InputMethodManager: Ignoring showSoftInput() as view=com.termux.view.TerminalView{f2c8517 VFED.V.L. ........ 0,0-708,1128 #7f080191 app:id/terminal_view aid=1073741825} is not served.
09-29 13:54:41.845 12765 12765 I MIUIInput: [MotionEvent] ViewRootImpl windowName 'com.termux/com.termux.app.TermuxActivity', { action=ACTION_UP, id[0]=0, pointerCount=1, eventTime=420327577, downTime=420327495, phoneEventTime=13:54:41.839 } moveCount:2
09-29 13:54:41.848 12765 12765 I ImeTracker: com.termux:29d06989: onRequestShow at ORIGIN_CLIENT reason SHOW_SOFT_INPUT fromUser true
09-29 13:54:41.848 12765 12765 D InputMethodManager: showSoftInput() view=androidx.appcompat.widget.AppCompatEditText{b225af7 VFED..CL. .F.P..ID 708,0-1416,150 #7f08018f app:id/terminal_toolbar_text_input aid=1073741824} flags=0 reason=SHOW_SOFT_INPUT
09-29 13:54:41.850 12765 12765 D EditorStubImpl: Type = 2, RectF = RectF(601.0, 1223.0, 681.0, 1303.0), mInsertionHandleData = [HandleData{mIsShow=false, mPosition=RectF(601.0, 1223.0, 681.0, 1303.0)}]
09-29 13:54:44.107 12765 12765 D EditorStubImpl: Type = 2, RectF = RectF(601.0, 1223.0, 681.0, 1303.0), mInsertionHandleData = [HandleData{mIsShow=false, mPosition=RectF(601.0, 1223.0, 681.0, 1303.0)}]
09-29 13:54:44.183 12765 12765 D EditorStubImpl: Type = 2, RectF = RectF(601.0, 1223.0, 681.0, 1303.0), mInsertionHandleData = [HandleData{mIsShow=false, mPosition=RectF(601.0, 1223.0, 681.0, 1303.0)}]
09-29 13:54:44.373 12765 12765 D EditorStubImpl: Type = 2, RectF = RectF(601.0, 1223.0, 681.0, 1303.0), mInsertionHandleData = [HandleData{mIsShow=false, mPosition=RectF(601.0, 1223.0, 681.0, 1303.0)}]
09-29 13:54:44.500 12765 12765 D EditorStubImpl: Type = 2, RectF = RectF(601.0, 1223.0, 681.0, 1303.0), mInsertionHandleData = [HandleData{mIsShow=false, mPosition=RectF(601.0, 1223.0, 681.0, 1303.0)}]
09-29 13:54:44.666 12765 12765 D EditorStubImpl: Type = 2, RectF = RectF(601.0, 1223.0, 681.0, 1303.0), mInsertionHandleData = [HandleData{mIsShow=false, mPosition=RectF(601.0, 1223.0, 681.0, 1303.0)}]
09-29 13:54:44.884 12765 12765 D EditorStubImpl: Type = 2, RectF = RectF(601.0, 1223.0, 681.0, 1303.0), mInsertionHandleData = [HandleData{mIsShow=false, mPosition=RectF(601.0, 1223.0, 681.0, 1303.0)}]
09-29 13:54:45.138 12765 12765 D EditorStubImpl: Type = 2, RectF = RectF(601.0, 1223.0, 681.0, 1303.0), mInsertionHandleData = [HandleData{mIsShow=false, mPosition=RectF(601.0, 1223.0, 681.0, 1303.0)}]
09-29 13:54:45.319 12765 12765 D EditorStubImpl: Type = 2, RectF = RectF(601.0, 1223.0, 681.0, 1303.0), mInsertionHandleData = [HandleData{mIsShow=false, mPosition=RectF(601.0, 1223.0, 681.0, 1303.0)}]
09-29 13:54:46.552 12765 12765 D EditorStubImpl: Type = 2, RectF = RectF(601.0, 1223.0, 681.0, 1303.0), mInsertionHandleData = [HandleData{mIsShow=false, mPosition=RectF(601.0, 1223.0, 681.0, 1303.0)}]
09-29 13:54:46.575 12765 12765 D EditorStubImpl: Type = 2, RectF = RectF(601.0, 1223.0, 681.0, 1303.0), mInsertionHandleData = [HandleData{mIsShow=false, mPosition=RectF(601.0, 1223.0, 681.0, 1303.0)}]
09-29 13:54:46.984 12765 12765 D EditorStubImpl: Type = 2, RectF = RectF(601.0, 1223.0, 681.0, 1303.0), mInsertionHandleData = [HandleData{mIsShow=false, mPosition=RectF(601.0, 1223.0, 681.0, 1303.0)}]
09-29 13:54:47.567 12765 12765 D EditorStubImpl: Type = 2, RectF = RectF(601.0, 1223.0, 681.0, 1303.0), mInsertionHandleData = [HandleData{mIsShow=false, mPosition=RectF(601.0, 1223.0, 681.0, 1303.0)}]
09-29 13:54:47.813 12765 12765 D EditorStubImpl: Type = 2, RectF = RectF(601.0, 1223.0, 681.0, 1303.0), mInsertionHandleData = [HandleData{mIsShow=false, mPosition=RectF(601.0, 1223.0, 681.0, 1303.0)}]
09-29 13:54:50.315 12765 12765 D EditorStubImpl: Type = 2, RectF = RectF(601.0, 1223.0, 681.0, 1303.0), mInsertionHandleData = [HandleData{mIsShow=false, mPosition=RectF(601.0, 1223.0, 681.0, 1303.0)}]
09-29 13:54:50.358 12765 12765 D EditorStubImpl: Type = 2, RectF = RectF(601.0, 1223.0, 681.0, 1303.0), mInsertionHandleData = [HandleData{mIsShow=false, mPosition=RectF(601.0, 1223.0, 681.0, 1303.0)}]
09-29 13:54:50.573 12765 12765 D EditorStubImpl: Type = 2, RectF = RectF(601.0, 1223.0, 681.0, 1303.0), mInsertionHandleData = [HandleData{mIsShow=false, mPosition=RectF(601.0, 1223.0, 681.0, 1303.0)}]
09-29 13:54:50.637 12765 12765 D EditorStubImpl: Type = 2, RectF = RectF(601.0, 1223.0, 681.0, 1303.0), mInsertionHandleData = [HandleData{mIsShow=false, mPosition=RectF(601.0, 1223.0, 681.0, 1303.0)}]
09-29 13:54:50.834 12765 12765 D EditorStubImpl: Type = 2, RectF = RectF(601.0, 1223.0, 681.0, 1303.0), mInsertionHandleData = [HandleData{mIsShow=false, mPosition=RectF(601.0, 1223.0, 681.0, 1303.0)}]
09-29 13:54:51.069 12765 12765 D EditorStubImpl: Type = 2, RectF = RectF(601.0, 1223.0, 681.0, 1303.0), mInsertionHandleData = [HandleData{mIsShow=false, mPosition=RectF(601.0, 1223.0, 681.0, 1303.0)}]
09-29 13:54:51.315 12765 12765 D EditorStubImpl: Type = 2, RectF = RectF(601.0, 1223.0, 681.0, 1303.0), mInsertionHandleData = [HandleData{mIsShow=false, mPosition=RectF(601.0, 1223.0, 681.0, 1303.0)}]
09-29 13:54:51.575 12765 12765 D EditorStubImpl: Type = 2, RectF = RectF(601.0, 1223.0, 681.0, 1303.0), mInsertionHandleData = [HandleData{mIsShow=false, mPosition=RectF(601.0, 1223.0, 681.0, 1303.0)}]
09-29 13:54:51.857 12765 12765 D EditorStubImpl: Type = 2, RectF = RectF(601.0, 1223.0, 681.0, 1303.0), mInsertionHandleData = [HandleData{mIsShow=false, mPosition=RectF(601.0, 1223.0, 681.0, 1303.0)}]
09-29 13:54:51.896 12765 12765 D EditorStubImpl: Type = 2, RectF = RectF(601.0, 1223.0, 681.0, 1303.0), mInsertionHandleData = [HandleData{mIsShow=false, mPosition=RectF(601.0, 1223.0, 681.0, 1303.0)}]
09-29 13:54:52.329 12765 12765 D EditorStubImpl: Type = 2, RectF = RectF(601.0, 1223.0, 681.0, 1303.0), mInsertionHandleData = [HandleData{mIsShow=false, mPosition=RectF(601.0, 1223.0, 681.0, 1303.0)}]
09-29 13:54:52.503 12765 12765 D EditorStubImpl: Type = 2, RectF = RectF(601.0, 1223.0, 681.0, 1303.0), mInsertionHandleData = [HandleData{mIsShow=false, mPosition=RectF(601.0, 1223.0, 681.0, 1303.0)}]
09-29 13:54:52.531 12765 12765 D EditorStubImpl: Type = 2, RectF = RectF(601.0, 1223.0, 681.0, 1303.0), mInsertionHandleData = [HandleData{mIsShow=false, mPosition=RectF(601.0, 1223.0, 681.0, 1303.0)}]
09-29 13:54:53.905 12765 12765 D EditorStubImpl: Type = 2, RectF = RectF(601.0, 1223.0, 681.0, 1303.0), mInsertionHandleData = [HandleData{mIsShow=false, mPosition=RectF(601.0, 1223.0, 681.0, 1303.0)}]
09-29 13:54:53.925 12765 12765 D EditorStubImpl: Type = 2, RectF = RectF(601.0, 1223.0, 681.0, 1303.0), mInsertionHandleData = [HandleData{mIsShow=false, mPosition=RectF(601.0, 1223.0, 681.0, 1303.0)}]
09-29 13:54:54.514 12765 12765 D EditorStubImpl: Type = 2, RectF = RectF(601.0, 1223.0, 681.0, 1303.0), mInsertionHandleData = [HandleData{mIsShow=false, mPosition=RectF(601.0, 1223.0, 681.0, 1303.0)}]
09-29 13:55:16.836  5492  5492 W libc    : Access denied finding property "persist.vendor.track.malloc.enable"
09-29 13:55:16.837  5492  5492 W libc    : Access denied finding property "persist.vendor.fd.monitor.enable"
09-29 13:55:16.883  5493  5493 W libc    : Access denied finding property "persist.vendor.track.malloc.enable"
09-29 13:55:16.883  5493  5493 W libc    : Access denied finding property "persist.vendor.fd.monitor.enable"
09-29 13:55:16.915  5495  5495 W libc    : Access denied finding property "persist.vendor.track.malloc.enable"
09-29 13:55:16.915  5495  5495 W libc    : Access denied finding property "persist.vendor.fd.monitor.enable"
09-29 13:55:16.942  5503  5503 W libc    : Access denied finding property "persist.vendor.track.malloc.enable"
09-29 13:55:16.942  5503  5503 W libc    : Access denied finding property "persist.vendor.fd.monitor.enable"
09-29 13:55:16.951  5500  5500 W libc    : Access denied finding property "persist.vendor.track.malloc.enable"
09-29 13:55:16.951  5500  5500 W libc    : Access denied finding property "persist.vendor.fd.monitor.enable"
09-29 13:55:16.952  5516  5516 W libc    : Access denied finding property "persist.vendor.track.malloc.enable"
09-29 13:55:16.953  5516  5516 W libc    : Access denied finding property "persist.vendor.fd.monitor.enable"
09-29 13:55:16.975  5524  5524 W libc    : Access denied finding property "persist.vendor.track.malloc.enable"
09-29 13:55:16.975  5524  5524 W libc    : Access denied finding property "persist.vendor.fd.monitor.enable"
09-29 13:55:16.997  5525  5525 W libc    : Access denied finding property "persist.vendor.track.malloc.enable"
09-29 13:55:16.997  5525  5525 W libc    : Access denied finding property "persist.vendor.fd.monitor.enable"
09-29 13:55:17.021  5493  5493 W libc    : Access denied finding property "persist.vendor.track.malloc.enable"
09-29 13:55:17.021  5493  5493 W libc    : Access denied finding property "persist.vendor.fd.monitor.enable"
09-29 13:55:17.024  5493  5493 I libc    : SetHeapTaggingLevel: tag level set to 0
09-29 13:55:27.542  5718  5718 W libc    : Access denied finding property "persist.vendor.track.malloc.enable"
09-29 13:55:27.542  5718  5718 W libc    : Access denied finding property "persist.vendor.fd.monitor.enable"
09-29 13:55:27.686  5718  5718 W libc    : Access denied finding property "persist.vendor.track.malloc.enable"
09-29 13:55:27.686  5718  5718 W libc    : Access denied finding property "persist.vendor.fd.monitor.enable"
09-29 13:55:34.150  5718  5718 E aapt2   : No package ID 7f found for ID 0x7f03034d.
09-29 13:55:34.151  5718  5718 E aapt2   : No package ID 7f found for ID 0x7f03017b.
09-29 13:55:34.151  5718  5718 E aapt2   : No package ID 7f found for ID 0x7f03048a.
09-29 13:55:34.151  5718  5718 E aapt2   : No package ID 7f found for ID 0x7f0303fe.
09-29 13:55:34.151  5718  5718 E aapt2   : No package ID 7f found for ID 0x7f030498.
09-29 13:55:34.151  5718  5718 E aapt2   : No package ID 7f found for ID 0x7f030402.
09-29 13:55:34.153  5718  5718 E aapt2   : No package ID 7f found for ID 0x7f030225.
09-29 13:55:34.154  5718  5718 E aapt2   : No package ID 7f found for ID 0x7f0302ca.
09-29 13:55:34.154  5718  5718 E aapt2   : No package ID 7f found for ID 0x7f03017c.
09-29 13:55:34.154  5718  5718 E aapt2   : No package ID 7f found for ID 0x7f030047.
09-29 13:55:34.154  5718  5718 E aapt2   : No package ID 7f found for ID 0x7f03004f.
09-29 13:55:34.154  5718  5718 E aapt2   : No package ID 7f found for ID 0x7f03004e.
09-29 13:55:34.154  5718  5718 E aapt2   : No package ID 7f found for ID 0x7f030168.
09-29 13:55:34.154  5718  5718 E aapt2   : No package ID 7f found for ID 0x7f030212.
09-29 13:55:34.154  5718  5718 E aapt2   : No package ID 7f found for ID 0x7f030221.
09-29 13:55:34.154  5718  5718 E aapt2   : No package ID 7f found for ID 0x7f030387.
09-29 13:55:34.154  5718  5718 E aapt2   : No package ID 7f found for ID 0x7f030236.
09-29 13:55:34.154  5718  5718 E aapt2   : No package ID 7f found for ID 0x7f030386.
09-29 13:55:34.154  5718  5718 E aapt2   : No package ID 7f found for ID 0x7f030220.
09-29 13:55:34.154  5718  5718 E aapt2   : No package ID 7f found for ID 0x7f03024d.
09-29 13:55:34.154  5718  5718 E aapt2   : No package ID 7f found for ID 0x7f03021a.
09-29 13:55:34.154  5718  5718 E aapt2   : No package ID 7f found for ID 0x7f03013e.
09-29 13:55:34.154  5718  5718 E aapt2   : No package ID 7f found for ID 0x7f03013a.
09-29 13:55:34.155  5718  5718 E aapt2   : No package ID 7f found for ID 0x7f03013c.
09-29 13:55:34.155  5718  5718 E aapt2   : No package ID 7f found for ID 0x7f03013d.
09-29 13:55:34.155  5718  5718 E aapt2   : No package ID 7f found for ID 0x7f03013f.
09-29 13:55:34.155  5718  5718 E aapt2   : No package ID 7f found for ID 0x7f03013b.
09-29 13:55:34.155  5718  5718 E aapt2   : No package ID 7f found for ID 0x7f03019c.
09-29 13:55:34.155  5718  5718 E aapt2   : No package ID 7f found for ID 0x7f03037f.
09-29 13:55:34.156  5718  5718 E aapt2   : No package ID 7f found for ID 0x7f0300e6.
09-29 13:55:34.156  5718  5718 E aapt2   : No package ID 7f found for ID 0x7f03023d.
09-29 13:55:34.156  5718  5718 E aapt2   : No package ID 7f found for ID 0x7f0301b7.
09-29 13:55:34.156  5718  5718 E aapt2   : No package ID 7f found for ID 0x7f030095.
09-29 13:55:34.156  5718  5718 E aapt2   : No package ID 7f found for ID 0x7f0302c0.
09-29 13:55:34.156  5718  5718 E aapt2   : No package ID 7f found for ID 0x7f030349.
09-29 13:55:34.156  5718  5718 E aapt2   : No package ID 7f found for ID 0x7f0303ce.
09-29 13:55:34.156  5718  5718 E aapt2   : No package ID 7f found for ID 0x7f0302bf.
09-29 13:55:34.156  5718  5718 E aapt2   : No package ID 7f found for ID 0x7f0303c6.
09-29 13:55:34.157  5718  5718 E aapt2   : No package ID 7f found for ID 0x7f030092.
09-29 13:55:34.157  5718  5718 E aapt2   : No package ID 7f found for ID 0x7f0301b8.
09-29 13:55:34.157  5718  5718 E aapt2   : No package ID 7f found for ID 0x7f0302b4.
09-29 13:55:34.157  5718  5718 E aapt2   : No package ID 7f found for ID 0x7f0302b6.
09-29 13:55:34.157  5718  5718 E aapt2   : No package ID 7f found for ID 0x7f0302b5.
09-29 13:55:34.157  5718  5718 E aapt2   : No package ID 7f found for ID 0x7f0303f4.
09-29 13:55:34.157  5718  5718 E aapt2   : No package ID 7f found for ID 0x7f0303eb.
09-29 13:55:34.157  5718  5718 E aapt2   : No package ID 7f found for ID 0x7f0303ec.
09-29 13:55:34.157  5718  5718 E aapt2   : No package ID 7f found for ID 0x7f0303f1.
09-29 13:55:34.157  5718  5718 E aapt2   : No package ID 7f found for ID 0x7f0303f0.
09-29 13:55:34.157  5718  5718 E aapt2   : No package ID 7f found for ID 0x7f0302b1.
09-29 13:55:34.157  5718  5718 E aapt2   : No package ID 7f found for ID 0x7f0302b0.
09-29 13:55:34.157  5718  5718 E aapt2   : No package ID 7f found for ID 0x7f0302b2.
09-29 13:55:34.158  5718  5718 E aapt2   : No package ID 7f found for ID 0x7f0303e0.
09-29 13:55:34.158  5718  5718 E aapt2   : No package ID 7f found for ID 0x7f030487.
09-29 13:55:34.158  5718  5718 E aapt2   : No package ID 7f found for ID 0x7f030488.
09-29 13:55:34.158  5718  5718 E aapt2   : No package ID 7f found for ID 0x7f030481.
09-29 13:55:34.158  5718  5718 E aapt2   : No package ID 7f found for ID 0x7f030482.
09-29 13:55:34.158  5718  5718 E aapt2   : No package ID 7f found for ID 0x7f030483.
09-29 13:55:34.158  5718  5718 E aapt2   : No package ID 7f found for ID 0x7f03042c.
09-29 13:55:34.158  5718  5718 E aapt2   : No package ID 7f found for ID 0x7f030463.
09-29 13:55:34.158  5718  5718 E aapt2   : No package ID 7f found for ID 0x7f030044.
09-29 13:55:34.158  5718  5718 E aapt2   : No package ID 7f found for ID 0x7f030043.
09-29 13:55:34.158  5718  5718 E aapt2   : No package ID 7f found for ID 0x7f030042.
09-29 13:55:34.158  5718  5718 E aapt2   : No package ID 7f found for ID 0x7f030041.
09-29 13:55:34.158  5718  5718 E aapt2   : No package ID 7f found for ID 0x7f030040.
09-29 13:55:34.158  5718  5718 E aapt2   : No package ID 7f found for ID 0x7f0301fc.
09-29 13:55:34.158  5718  5718 E aapt2   : No package ID 7f found for ID 0x7f0302b8.
09-29 13:55:34.158  5718  5718 E aapt2   : No package ID 7f found for ID 0x7f0301d8.
09-29 13:55:34.159  5718  5718 E aapt2   : No package ID 7f found for ID 0x7f030269.
09-29 13:55:34.159  5718  5718 E aapt2   : No package ID 7f found for ID 0x7f030205.
09-29 13:55:34.159  5718  5718 E aapt2   : No package ID 7f found for ID 0x7f03018a.
09-29 13:55:34.159  5718  5718 E aapt2   : No package ID 7f found for ID 0x7f030190.
09-29 13:55:34.159  5718  5718 E aapt2   : No package ID 7f found for ID 0x7f03018b.
09-29 13:55:34.159  5718  5718 E aapt2   : No package ID 7f found for ID 0x7f030188.
09-29 13:55:34.159  5718  5718 E aapt2   : No package ID 7f found for ID 0x7f03018d.
09-29 13:55:34.159  5718  5718 E aapt2   : No package ID 7f found for ID 0x7f030189.
09-29 13:55:34.159  5718  5718 E aapt2   : No package ID 7f found for ID 0x7f03018e.
09-29 13:55:34.159  5718  5718 E aapt2   : No package ID 7f found for ID 0x7f03018f.
09-29 13:55:34.159  5718  5718 E aapt2   : No package ID 7f found for ID 0x7f0301a0.
09-29 13:55:34.159  5718  5718 E aapt2   : No package ID 7f found for ID 0x7f0304d3.
09-29 13:55:34.159  5718  5718 E aapt2   : No package ID 7f found for ID 0x7f0304dc.
09-29 13:55:34.159  5718  5718 E aapt2   : No package ID 7f found for ID 0x7f0304d4.
09-29 13:55:34.159  5718  5718 E aapt2   : No package ID 7f found for ID 0x7f0304d5.
09-29 13:55:34.159  5718  5718 E aapt2   : No package ID 7f found for ID 0x7f0304d8.
09-29 13:55:34.159  5718  5718 E aapt2   : No package ID 7f found for ID 0x7f0304d7.
09-29 13:55:34.159  5718  5718 E aapt2   : No package ID 7f found for ID 0x7f0304d9.
09-29 13:55:34.159  5718  5718 E aapt2   : No package ID 7f found for ID 0x7f0304d6.
09-29 13:55:34.159  5718  5718 E aapt2   : No package ID 7f found for ID 0x7f0304da.
09-29 13:55:34.159  5718  5718 E aapt2   : No package ID 7f found for ID 0x7f0304db.
09-29 13:55:34.160  5718  5718 E aapt2   : No package ID 7f found for ID 0x7f030009.
09-29 13:55:34.160  5718  5718 E aapt2   : No package ID 7f found for ID 0x7f030008.
09-29 13:55:34.160  5718  5718 E aapt2   : No package ID 7f found for ID 0x7f03000a.
09-29 13:55:34.160  5718  5718 E aapt2   : No package ID 7f found for ID 0x7f030021.
09-29 13:55:34.160  5718  5718 E aapt2   : No package ID 7f found for ID 0x7f030022.
09-29 13:55:34.160  5718  5718 E aapt2   : No package ID 7f found for ID 0x7f030004.
09-29 13:55:34.160  5718  5718 E aapt2   : No package ID 7f found for ID 0x7f030006.
09-29 13:55:34.160  5718  5718 E aapt2   : No package ID 7f found for ID 0x7f03000b.
09-29 13:55:34.160  5718  5718 E aapt2   : No package ID 7f found for ID 0x7f03000c.
09-29 13:55:34.160  5718  5718 E aapt2   : No package ID 7f found for ID 0x7f030005.
09-29 13:55:34.160  5718  5718 E aapt2   : No package ID 7f found for ID 0x7f030002.
09-29 13:55:34.160  5718  5718 E aapt2   : No package ID 7f found for ID 0x7f030003.
09-29 13:55:34.160  5718  5718 E aapt2   : No package ID 7f found for ID 0x7f030010.
09-29 13:55:34.160  5718  5718 E aapt2   : No package ID 7f found for ID 0x7f030011.
09-29 13:55:34.160  5718  5718 E aapt2   : No package ID 7f found for ID 0x7f030013.
09-29 13:55:34.160  5718  5718 E aapt2   : No package ID 7f found for ID 0x7f030012.
09-29 13:55:34.160  5718  5718 E aapt2   : No package ID 7f found for ID 0x7f03001d.
09-29 13:55:34.160  5718  5718 E aapt2   : No package ID 7f found for ID 0x7f030015.
09-29 13:55:34.160  5718  5718 E aapt2   : No package ID 7f found for ID 0x7f030017.
09-29 13:55:34.160  5718  5718 E aapt2   : No package ID 7f found for ID 0x7f030016.
09-29 13:55:34.160  5718  5718 E aapt2   : No package ID 7f found for ID 0x7f030019.
09-29 13:55:34.160  5718  5718 E aapt2   : No package ID 7f found for ID 0x7f03001b.
09-29 13:55:34.160  5718  5718 E aapt2   : No package ID 7f found for ID 0x7f03001c.
09-29 13:55:34.160  5718  5718 E aapt2   : No package ID 7f found for ID 0x7f030018.
09-29 13:55:34.160  5718  5718 E aapt2   : No package ID 7f found for ID 0x7f030020.
09-29 13:55:34.160  5718  5718 E aapt2   : No package ID 7f found for ID 0x7f030014.
09-29 13:55:34.160  5718  5718 E aapt2   : No package ID 7f found for ID 0x7f03001a.
09-29 13:55:34.160  5718  5718 E aapt2   : No package ID 7f found for ID 0x7f030443.
09-29 13:55:34.161  5718  5718 E aapt2   : No package ID 7f found for ID 0x7f03044c.
09-29 13:55:34.161  5718  5718 E aapt2   : No package ID 7f found for ID 0x7f030449.
09-29 13:55:34.161  5718  5718 E aapt2   : No package ID 7f found for ID 0x7f03017a.
09-29 13:55:34.161  5718  5718 E aapt2   : No package ID 7f found for ID 0x7f030179.
09-29 13:55:34.161  5718  5718 E aapt2   : No package ID 7f found for ID 0x7f0302be.
09-29 13:55:34.161  5718  5718 E aapt2   : No package ID 7f found for ID 0x7f030178.
09-29 13:55:34.161  5718  5718 E aapt2   : No package ID 7f found for ID 0x7f03000e.
09-29 13:55:34.161  5718  5718 E aapt2   : No package ID 7f found for ID 0x7f030196.
09-29 13:55:34.161  5718  5718 E aapt2   : No package ID 7f found for ID 0x7f0303d8.
09-29 13:55:34.161  5718  5718 E aapt2   : No package ID 7f found for ID 0x7f03000d.
09-29 13:55:34.161  5718  5718 E aapt2   : No package ID 7f found for ID 0x7f03008e.
09-29 13:55:34.161  5718  5718 E aapt2   : No package ID 7f found for ID 0x7f03008a.
09-29 13:55:34.161  5718  5718 E aapt2   : No package ID 7f found for ID 0x7f0303ac.
09-29 13:55:34.161  5718  5718 E aapt2   : No package ID 7f found for ID 0x7f0303ad.
09-29 13:55:34.161  5718  5718 E aapt2   : No package ID 7f found for ID 0x7f030077.
09-29 13:55:34.161  5718  5718 E aapt2   : No package ID 7f found for ID 0x7f030183.
09-29 13:55:34.161  5718  5718 E aapt2   : No package ID 7f found for ID 0x7f03017e.
09-29 13:55:34.161  5718  5718 E aapt2   : No package ID 7f found for ID 0x7f030027.
09-29 13:55:34.161  5718  5718 E aapt2   : No package ID 7f found for ID 0x7f03049c.
09-29 13:55:34.161  5718  5718 E aapt2   : No package ID 7f found for ID 0x7f03049b.
09-29 13:55:34.161  5718  5718 E aapt2   : No package ID 7f found for ID 0x7f03037e.
09-29 13:55:34.161  5718  5718 E aapt2   : No package ID 7f found for ID 0x7f030380.
09-29 13:55:34.161  5718  5718 E aapt2   : No package ID 7f found for ID 0x7f03019a.
09-29 13:55:34.161  5718  5718 E aapt2   : No package ID 7f found for ID 0x7f030199.
09-29 13:55:34.161  5718  5718 E aapt2   : No package ID 7f found for ID 0x7f030230.
09-29 13:55:34.161  5718  5718 E aapt2   : No package ID 7f found for ID 0x7f03044b.
09-29 13:55:34.161  5718  5718 E aapt2   : No package ID 7f found for ID 0x7f03044a.
09-29 13:55:34.161  5718  5718 E aapt2   : No package ID 7f found for ID 0x7f030458.
09-29 13:55:34.162  5718  5718 E aapt2   : No package ID 7f found for ID 0x7f0303aa.
09-29 13:55:34.162  5718  5718 E aapt2   : No package ID 7f found for ID 0x7f0302c3.
09-29 13:55:34.162  5718  5718 E aapt2   : No package ID 7f found for ID 0x7f0302c5.
09-29 13:55:34.162  5718  5718 E aapt2   : No package ID 7f found for ID 0x7f0302c4.
09-29 13:55:34.162  5718  5718 E aapt2   : No package ID 7f found for ID 0x7f0302c7.
09-29 13:55:34.163  5718  5718 E aapt2   : No package ID 7f found for ID 0x7f0302c8.
